AR multiplier_tbw testbench_arch E:/Programs/VHDL/Multiplier/MULTIPLIER_TBW.ant sub00/vhpl03 1395518900
EN three_bit_multiplier NULL E:/Programs/VHDL/Multiplier/THREE_BIT_MULTIPLIER.vhd sub00/vhpl00 1395518798
EN multiplier_tbw NULL E:/Programs/VHDL/Multiplier/MULTIPLIER_TBW.ant sub00/vhpl02 1395518899
AR three_bit_multiplier behavioral E:/Programs/VHDL/Multiplier/THREE_BIT_MULTIPLIER.vhd sub00/vhpl01 1395518799
