V3 7
FL E:/Programs/VHDL/Multiplier/THREE_BIT_MULTIPLIER.vhd 2014/03/23.01:36:32 I.31
EN work/THREE_BIT_MULTIPLIER 1395518798 \
      FL E:/Programs/VHDL/Multiplier/THREE_BIT_MULTIPLIER.vhd \
      PB ieee/std_logic_1164 1147840849 PB ieee/std_logic_arith 1147840851 \
      PB ieee/STD_LOGIC_UNSIGNED 1147840857
AR work/THREE_BIT_MULTIPLIER/Behavioral 1395518799 \
      FL E:/Programs/VHDL/Multiplier/THREE_BIT_MULTIPLIER.vhd \
      EN work/THREE_BIT_MULTIPLIER 1395518798
FL E:/Programs/VHDL/Multiplier/MULTIPLIER_TBW.ant 2014/03/23.01:38:18 I.31
EN work/MULTIPLIER_TBW 1395518899  FL E:/Programs/VHDL/Multiplier/MULTIPLIER_TBW.ant \
      PB ieee/std_logic_1164 1147840849 PB ieee/std_logic_arith 1147840851 \
      PB ieee/STD_LOGIC_UNSIGNED 1147840857 PB ieee/STD_LOGIC_TEXTIO 1147840859 \
      PB std/textio 1147840824
AR work/MULTIPLIER_TBW/testbench_arch 1395518900 \
      FL E:/Programs/VHDL/Multiplier/MULTIPLIER_TBW.ant EN work/MULTIPLIER_TBW 1395518899 \
      CP THREE_BIT_MULTIPLIER
