V3 3
FL "E:/Programs/VHDL/Tutorial 7/Q1/Q1_VHDL.vhd" 2014/03/21.23:25:25 I.31
EN isim_temp/Q1_VHDL 1395424527    FL "E:/Programs/VHDL/Tutorial 7/Q1/Q1_VHDL.vhd" \
      PB ieee/std_logic_1164 1147840849
AR isim_temp/Q1_VHDL/Behavioral 1395424528 FL "E:/Programs/VHDL/Tutorial 7/Q1/Q1_VHDL.vhd" \
      EN isim_temp/Q1_VHDL 1395424527
