V3 10
FL E:/Programs/VHDL/FOUR_BIT_ADDER/FOUR_BIT_ADDER_TBW.vhw 2014/03/05.01:05:56 I.31
EN work/FOUR_BIT_ADDER_TBW 1393961766 \
      FL E:/Programs/VHDL/FOUR_BIT_ADDER/FOUR_BIT_ADDER_TBW.vhw \
      PB ieee/std_logic_1164 1147840849 PB ieee/STD_LOGIC_TEXTIO 1147840859 \
      PB ieee/std_logic_arith 1147840851 PB ieee/STD_LOGIC_UNSIGNED 1147840857 \
      PB std/textio 1147840824
AR work/FOUR_BIT_ADDER_TBW/testbench_arch 1393961767 \
      FL E:/Programs/VHDL/FOUR_BIT_ADDER/FOUR_BIT_ADDER_TBW.vhw \
      EN work/FOUR_BIT_ADDER_TBW 1393961766 CP FOUR_BIT_ADDER \
      PB ieee/STD_LOGIC_TEXTIO 1147840859
FL E:/Programs/VHDL/FOUR_BIT_ADDER/FOUR_BIT_ADDER.vhd 2014/03/04.22:59:31 I.31
EN work/FULL_ADDER 1393961682      FL E:/Programs/VHDL/FOUR_BIT_ADDER/FOUR_BIT_ADDER.vhd \
      PB ieee/std_logic_1164 1147840849 PB ieee/std_logic_arith 1147840851 \
      PB ieee/STD_LOGIC_UNSIGNED 1147840857
AR work/FULL_ADDER/FULL_ADDER_BEHAVE 1393961683 \
      FL E:/Programs/VHDL/FOUR_BIT_ADDER/FOUR_BIT_ADDER.vhd EN work/FULL_ADDER 1393961682
EN work/FOUR_BIT_ADDER 1393961684  FL E:/Programs/VHDL/FOUR_BIT_ADDER/FOUR_BIT_ADDER.vhd \
      PB ieee/std_logic_1164 1147840849
AR work/FOUR_BIT_ADDER/FOUR_BIT_ADDER_STRUCTURE 1393961685 \
      FL E:/Programs/VHDL/FOUR_BIT_ADDER/FOUR_BIT_ADDER.vhd \
      EN work/FOUR_BIT_ADDER 1393961684 CP FULL_ADDER
