V3 7
FL "E:/Programs/VHDL/Tutorial6 VHDL/TUTQ3_8BIT_PRI_ENCODER/EIGHT_BIT_PRI_ENCODER.vhd" 2014/04/10.23:49:11 I.31
EN work/EIGHT_BIT_PRI_ENCODER 1397154193 \
      FL "E:/Programs/VHDL/Tutorial6 VHDL/TUTQ3_8BIT_PRI_ENCODER/EIGHT_BIT_PRI_ENCODER.vhd" \
      PB ieee/std_logic_1164 1147840849
AR work/EIGHT_BIT_PRI_ENCODER/Behavioral 1397154194 \
      FL "E:/Programs/VHDL/Tutorial6 VHDL/TUTQ3_8BIT_PRI_ENCODER/EIGHT_BIT_PRI_ENCODER.vhd" \
      EN work/EIGHT_BIT_PRI_ENCODER 1397154193
FL "E:/Programs/VHDL/Tutorial6 VHDL/TUTQ3_8BIT_PRI_ENCODER/EIGHT_BIT_PRI_ENCODER_TBW.ant" 2014/04/10.23:53:25 I.31
EN work/EIGHT_BIT_PRI_ENCODER_TBW 1397154207 \
      FL "E:/Programs/VHDL/Tutorial6 VHDL/TUTQ3_8BIT_PRI_ENCODER/EIGHT_BIT_PRI_ENCODER_TBW.ant" \
      PB ieee/std_logic_1164 1147840849 PB ieee/STD_LOGIC_TEXTIO 1147840859 \
      PB ieee/std_logic_arith 1147840851 PB ieee/STD_LOGIC_UNSIGNED 1147840857 \
      PB std/textio 1147840824
AR work/EIGHT_BIT_PRI_ENCODER_TBW/testbench_arch 1397154208 \
      FL "E:/Programs/VHDL/Tutorial6 VHDL/TUTQ3_8BIT_PRI_ENCODER/EIGHT_BIT_PRI_ENCODER_TBW.ant" \
      EN work/EIGHT_BIT_PRI_ENCODER_TBW 1397154207 CP EIGHT_BIT_PRI_ENCODER \
      PB ieee/STD_LOGIC_TEXTIO 1147840859
