V3 7
FL "E:/Programs/VHDL/Tutorial6 VHDL/TUT2_FOUR_BIT_COMB_ADDSUB/FOUR_BIT_COMB_ADDSUB.vhd" 2014/04/10.23:37:41 I.31
EN work/FOUR_BIT_COMB_ADDSUB 1397153266 \
      FL "E:/Programs/VHDL/Tutorial6 VHDL/TUT2_FOUR_BIT_COMB_ADDSUB/FOUR_BIT_COMB_ADDSUB.vhd" \
      PB ieee/std_logic_1164 1147840849
AR work/FOUR_BIT_COMB_ADDSUB/Behavioral 1397153267 \
      FL "E:/Programs/VHDL/Tutorial6 VHDL/TUT2_FOUR_BIT_COMB_ADDSUB/FOUR_BIT_COMB_ADDSUB.vhd" \
      EN work/FOUR_BIT_COMB_ADDSUB 1397153266
FL "E:/Programs/VHDL/Tutorial6 VHDL/TUT2_FOUR_BIT_COMB_ADDSUB/FOUR_BIT_COMB_ADDSUB_TBW.vhw" 2014/04/10.23:39:12 I.31
EN work/FOUR_BIT_COMB_ADDSUB_TBW 1397153354 \
      FL "E:/Programs/VHDL/Tutorial6 VHDL/TUT2_FOUR_BIT_COMB_ADDSUB/FOUR_BIT_COMB_ADDSUB_TBW.vhw" \
      PB ieee/std_logic_1164 1147840849 PB ieee/STD_LOGIC_TEXTIO 1147840859 \
      PB ieee/std_logic_arith 1147840851 PB ieee/STD_LOGIC_UNSIGNED 1147840857 \
      PB std/textio 1147840824
AR work/FOUR_BIT_COMB_ADDSUB_TBW/testbench_arch 1397153355 \
      FL "E:/Programs/VHDL/Tutorial6 VHDL/TUT2_FOUR_BIT_COMB_ADDSUB/FOUR_BIT_COMB_ADDSUB_TBW.vhw" \
      EN work/FOUR_BIT_COMB_ADDSUB_TBW 1397153354 CP FOUR_BIT_COMB_ADDSUB \
      PB ieee/STD_LOGIC_TEXTIO 1147840859
