V3 3
FL "E:/Programs/VHDL/Tutorial6 VHDL/TUTQ6_DISPLAY/DISPLAY.vhd" 2014/04/11.00:15:18 I.31
EN work/DISPLAY 1397155634         FL "E:/Programs/VHDL/Tutorial6 VHDL/TUTQ6_DISPLAY/DISPLAY.vhd" \
      PB ieee/std_logic_1164 1147274808
AR work/DISPLAY/Behavioral 1397155635 \
      FL "E:/Programs/VHDL/Tutorial6 VHDL/TUTQ6_DISPLAY/DISPLAY.vhd" \
      EN work/DISPLAY 1397155634
