EN full_adder_src NULL E:/Programs/VHDL/Full_Adder/FULL_ADDER_SRC.vhd sub00/vhpl02 1394227222
AR full_adder behavioral E:/Programs/VHDL/Full_Adder/FULL_ADDER_SRC.vhd sub00/vhpl01 1394227168
EN full_adder NULL E:/Programs/VHDL/Full_Adder/FULL_ADDER_SRC.vhd sub00/vhpl00 1394227167
AR full_adder_src behavioral E:/Programs/VHDL/Full_Adder/FULL_ADDER_SRC.vhd sub00/vhpl03 1394227223
