V3 5
FL E:/Programs/VHDL/Full_Adder/FULL_ADDER_SRC.vhd 2014/03/08.02:50:19 I.31
EN isim_temp/FULL_ADDER_SRC 1394227222 FL E:/Programs/VHDL/Full_Adder/FULL_ADDER_SRC.vhd \
      PB ieee/std_logic_1164 1147840849 PB ieee/std_logic_arith 1147840851 \
      PB ieee/STD_LOGIC_UNSIGNED 1147840857
AR isim_temp/FULL_ADDER_SRC/Behavioral 1394227223 \
      FL E:/Programs/VHDL/Full_Adder/FULL_ADDER_SRC.vhd \
      EN isim_temp/FULL_ADDER_SRC 1394227222
