V3 3
FL "E:/Programs/VHDL/Tutorial 7/Q1/Q1_VHDL.vhd" 2014/03/21.23:38:04 I.31
EN work/Q1_VHDL 1395425304         FL "E:/Programs/VHDL/Tutorial 7/Q1/Q1_VHDL.vhd" \
      PB ieee/std_logic_1164 1147274808
AR work/Q1_VHDL/Behavioral 1395425305 FL "E:/Programs/VHDL/Tutorial 7/Q1/Q1_VHDL.vhd" \
      EN work/Q1_VHDL 1395425304
