EN q1_tbw NULL "E:/Programs/VHDL/Tutorial 7/Q1/Q1_TBW.ant" sub00/vhpl02 1395425301
AR q1_tbw testbench_arch "E:/Programs/VHDL/Tutorial 7/Q1/Q1_TBW.ant" sub00/vhpl03 1395425302
EN q1_vhdl NULL "E:/Programs/VHDL/Tutorial 7/Q1/Q1_VHDL.vhd" sub00/vhpl00 1395425299
AR q1_vhdl behavioral "E:/Programs/VHDL/Tutorial 7/Q1/Q1_VHDL.vhd" sub00/vhpl01 1395425300
