V3 3
FL "E:/Programs/VHDL/Tutorial6 VHDL/Q7_ALU/ALU.vhd" 2014/04/11.10:53:58 I.31
EN work/ALU 1397193842             FL "E:/Programs/VHDL/Tutorial6 VHDL/Q7_ALU/ALU.vhd" \
      PB ieee/std_logic_1164 1147274808
AR work/ALU/Behavioral 1397193843  FL "E:/Programs/VHDL/Tutorial6 VHDL/Q7_ALU/ALU.vhd" \
      EN work/ALU 1397193842
