V3 3
FL E:/Programs/VHDL/Garrage_Door/GARRAGE_DOOR.vhd 2014/03/21.10:15:09 I.31
EN isim_temp/GARRAGE_DOOR 1395377128 FL E:/Programs/VHDL/Garrage_Door/GARRAGE_DOOR.vhd \
      PB ieee/std_logic_1164 1147840849 PB ieee/std_logic_arith 1147840851 \
      PB ieee/STD_LOGIC_UNSIGNED 1147840857
AR isim_temp/GARRAGE_DOOR/Behavioral 1395377129 \
      FL E:/Programs/VHDL/Garrage_Door/GARRAGE_DOOR.vhd EN isim_temp/GARRAGE_DOOR 1395377128
