AR alu behavioral "E:/Programs/VHDL/Tutorial6 VHDL/Q7_ALU/ALU.vhd" sub00/vhpl01 1397191290
EN alu_tbw NULL "E:/Programs/VHDL/Tutorial6 VHDL/Q7_ALU/ALU_TBW.ant" sub00/vhpl02 1397191291
AR alu_tbw testbench_arch "E:/Programs/VHDL/Tutorial6 VHDL/Q7_ALU/ALU_TBW.ant" sub00/vhpl03 1397191292
EN alu NULL "E:/Programs/VHDL/Tutorial6 VHDL/Q7_ALU/ALU.vhd" sub00/vhpl00 1397191289
