V3 6
FL E:/Programs/VHDL/FOUR_BIT_ADDER/FOUR_BIT_ADDER.vhd 2014/03/04.22:59:31 I.31
EN isim_temp/FULL_ADDER 1393961679 FL E:/Programs/VHDL/FOUR_BIT_ADDER/FOUR_BIT_ADDER.vhd \
      PB ieee/std_logic_1164 1147840849 PB ieee/std_logic_arith 1147840851 \
      PB ieee/STD_LOGIC_UNSIGNED 1147840857
AR isim_temp/FULL_ADDER/FULL_ADDER_BEHAVE 1393961680 \
      FL E:/Programs/VHDL/FOUR_BIT_ADDER/FOUR_BIT_ADDER.vhd \
      EN isim_temp/FULL_ADDER 1393961679
EN isim_temp/FOUR_BIT_ADDER 1393961681 FL E:/Programs/VHDL/FOUR_BIT_ADDER/FOUR_BIT_ADDER.vhd \
      PB ieee/std_logic_1164 1147840849
AR isim_temp/FOUR_BIT_ADDER/FOUR_BIT_ADDER_STRUCTURE 1393961682 \
      FL E:/Programs/VHDL/FOUR_BIT_ADDER/FOUR_BIT_ADDER.vhd \
      EN isim_temp/FOUR_BIT_ADDER 1393961681 CP FULL_ADDER
