V3 3
FL "E:/Programs/VHDL/Tutorial6 VHDL/TUTQ5_FOUR_BIT_COMP/FOUR_BIT_COMP.vhd" 2014/04/11.00:05:39 I.31
EN work/FOUR_BIT_COMP 1397155248 \
      FL "E:/Programs/VHDL/Tutorial6 VHDL/TUTQ5_FOUR_BIT_COMP/FOUR_BIT_COMP.vhd" \
      PB ieee/std_logic_1164 1147274808
AR work/FOUR_BIT_COMP/Behavioral 1397155249 \
      FL "E:/Programs/VHDL/Tutorial6 VHDL/TUTQ5_FOUR_BIT_COMP/FOUR_BIT_COMP.vhd" \
      EN work/FOUR_BIT_COMP 1397155248
