AR source behavioral E:/Programs/VHDL/Seq_CKT_MANO_Pg234/SOURCE.vhd sub00/vhpl01 1395513257
AR tbw testbench_arch E:/Programs/VHDL/Seq_CKT_MANO_Pg234/TBW.ant sub00/vhpl03 1395513300
EN source NULL E:/Programs/VHDL/Seq_CKT_MANO_Pg234/SOURCE.vhd sub00/vhpl00 1395513256
EN tbw NULL E:/Programs/VHDL/Seq_CKT_MANO_Pg234/TBW.ant sub00/vhpl02 1395513299
