V3 3
FL E:/Programs/VHDL/Garrage_Door/GARRAGE_DOOR.vhd 2014/03/21.10:15:09 I.31
EN work/GARRAGE_DOOR 1395377195    FL E:/Programs/VHDL/Garrage_Door/GARRAGE_DOOR.vhd \
      PB ieee/std_logic_1164 1147274808 PB ieee/std_logic_arith 1147274810 \
      PB ieee/STD_LOGIC_UNSIGNED 1147274814
AR work/GARRAGE_DOOR/Behavioral 1395377196 FL E:/Programs/VHDL/Garrage_Door/GARRAGE_DOOR.vhd \
      EN work/GARRAGE_DOOR 1395377195
