Release 8.2i - xst I.31
Copyright (c) 1995-2006 Xilinx, Inc.  All rights reserved.
--> Parameter TMPDIR set to ./xst/projnav.tmp
CPU : 0.00 / 0.27 s | Elapsed : 0.00 / 0.00 s
 
--> Parameter xsthdpdir set to ./xst
CPU : 0.00 / 0.27 s | Elapsed : 0.00 / 0.00 s
 
--> Reading design: FOUR_BIT_COMP.prj

TABLE OF CONTENTS
  1) Synthesis Options Summary
  2) HDL Compilation
  3) Design Hierarchy Analysis
  4) HDL Analysis
  5) HDL Synthesis
     5.1) HDL Synthesis Report
  6) Advanced HDL Synthesis
     6.1) Advanced HDL Synthesis Report
  7) Low Level Synthesis
  8) Partition Report
  9) Final Report

=========================================================================
*                      Synthesis Options Summary                        *
=========================================================================
---- Source Parameters
Input File Name                    : "FOUR_BIT_COMP.prj"
Input Format                       : mixed
Ignore Synthesis Constraint File   : NO

---- Target Parameters
Output File Name                   : "FOUR_BIT_COMP"
Output Format                      : NGC
Target Device                      : Automotive CoolRunner2

---- Source Options
Top Module Name                    : FOUR_BIT_COMP
Automatic FSM Extraction           : YES
FSM Encoding Algorithm             : Auto
Mux Extraction                     : YES
Resource Sharing                   : YES

---- Target Options
Add IO Buffers                     : YES
MACRO Preserve                     : YES
XOR Preserve                       : YES
Equivalent register Removal        : YES

---- General Options
Optimization Goal                  : Speed
Optimization Effort                : 1
Keep Hierarchy                     : YES
RTL Output                         : Yes
Hierarchy Separator                : /
Bus Delimiter                      : <>
Case Specifier                     : maintain

---- Other Options
lso                                : FOUR_BIT_COMP.lso
verilog2001                        : YES
safe_implementation                : No
Clock Enable                       : YES
wysiwyg                            : NO

=========================================================================


=========================================================================
*                          HDL Compilation                              *
=========================================================================
Compiling vhdl file "E:/Programs/VHDL/Tutorial6 VHDL/TUTQ5_FOUR_BIT_COMP/FOUR_BIT_COMP.vhd" in Library work.
Architecture behavioral of Entity four_bit_comp is up to date.

=========================================================================
*                     Design Hierarchy Analysis                         *
=========================================================================
Analyzing hierarchy for entity <FOUR_BIT_COMP> in library <work> (architecture <behavioral>).

Building hierarchy successfully finished.

=========================================================================
*                            HDL Analysis                               *
=========================================================================
Analyzing Entity <FOUR_BIT_COMP> in library <work> (Architecture <behavioral>).
Entity <FOUR_BIT_COMP> analyzed. Unit <FOUR_BIT_COMP> generated.


=========================================================================
*                           HDL Synthesis                               *
=========================================================================

Performing bidirectional port resolution...

Synthesizing Unit <FOUR_BIT_COMP>.
    Related source file is "E:/Programs/VHDL/Tutorial6 VHDL/TUTQ5_FOUR_BIT_COMP/FOUR_BIT_COMP.vhd".
    Found 1-bit xor2 for signal <$xor0000>.
    Found 1-bit xor2 for signal <$xor0001>.
    Found 1-bit xor2 for signal <$xor0002>.
    Found 1-bit xor2 for signal <$xor0003>.
    Summary:
	inferred   4 Xor(s).
Unit <FOUR_BIT_COMP> synthesized.


=========================================================================
HDL Synthesis Report

Macro Statistics
# Xors                                                 : 4
 1-bit xor2                                            : 4

=========================================================================

=========================================================================
*                       Advanced HDL Synthesis                          *
=========================================================================


=========================================================================
Advanced HDL Synthesis Report

Found no macro
=========================================================================

=========================================================================
*                         Low Level Synthesis                           *
=========================================================================

Optimizing unit <FOUR_BIT_COMP> ...

=========================================================================
*                          Partition Report                             *
=========================================================================

Partition Implementation Status
-------------------------------

  No Partitions were found in this design.

-------------------------------

=========================================================================
*                            Final Report                               *
=========================================================================
Final Results
RTL Top Level Output File Name     : FOUR_BIT_COMP.ngr
Top Level Output File Name         : FOUR_BIT_COMP
Output Format                      : NGC
Optimization Goal                  : Speed
Keep Hierarchy                     : YES
Target Technology                  : Automotive CoolRunner2
Macro Preserve                     : YES
XOR Preserve                       : YES
Clock Enable                       : YES
wysiwyg                            : NO

Design Statistics
# IOs                              : 11

Cell Usage :
# BELS                             : 39
#      AND2                        : 2
#      AND3                        : 2
#      AND4                        : 3
#      AND5                        : 2
#      INV                         : 24
#      OR4                         : 2
#      XOR2                        : 4
# IO Buffers                       : 11
#      IBUF                        : 8
#      OBUF                        : 3
=========================================================================
CPU : 6.42 / 6.70 s | Elapsed : 6.00 / 6.00 s
 
--> 

Total memory usage is 141316 kilobytes

Number of errors   :    0 (   0 filtered)
Number of warnings :    0 (   0 filtered)
Number of infos    :    0 (   0 filtered)

